Watched directory hierarchies: [F:\LOAXXjavaproject\EM-WM-Bridge]
